// Jest Snapshot v1, https://goo.gl/fbAQLP

exports[`should match the snapshot 1`] = `
<DocumentFragment>
  <div
    class="Carousel"
  >
    <h1>
      testing
    </h1>
    <div
      class="Carousel-main"
    >
      <div
        class="Card"
      >
        <h4
          class="Card-title"
        >
          img1
        </h4>
        <img
          alt="img1"
          class="Card-image"
          src="hppts://bestImage.com/img1.jpg"
        />
        <small
          class="Card-small"
        >
          Image 1 of 2.
        </small>
      </div>
      <i
        class="bi bi-arrow-right-circle"
        data-testid="right-arrow"
      />
    </div>
  </div>
</DocumentFragment>
`;
